// Jest Snapshot v1, https://goo.gl/fbAQLP

exports[`AppHeaderLeftBack renders correctly with default props 1`] = `
<View
  accessibilityRole="button"
  accessibilityState={
    {
      "busy": undefined,
      "checked": undefined,
      "disabled": undefined,
      "expanded": undefined,
      "selected": undefined,
    }
  }
  accessibilityValue={
    {
      "max": undefined,
      "min": undefined,
      "now": undefined,
      "text": undefined,
    }
  }
  accessible={true}
  collapsable={false}
  focusable={true}
  onClick={[Function]}
  onResponderGrant={[Function]}
  onResponderMove={[Function]}
  onResponderRelease={[Function]}
  onResponderTerminate={[Function]}
  onResponderTerminationRequest={[Function]}
  onStartShouldSetResponder={[Function]}
  style={
    {
      "alignItems": "center",
      "justifyContent": "center",
      "opacity": 1,
      "paddingLeft": 2,
      "paddingRight": 12,
      "paddingVertical": 12,
    }
  }
  testID="header-back-button"
>
  <RNSVGSvgView
    align="xMidYMid"
    bbHeight={44}
    bbWidth={44}
    fill="none"
    focusable={false}
    height={44}
    meetOrSlice={0}
    minX={0}
    minY={0}
    style={
      [
        {
          "backgroundColor": "transparent",
          "borderWidth": 0,
        },
        {
          "flex": 0,
          "height": 44,
          "width": 44,
        },
      ]
    }
    vbHeight={24}
    vbWidth={24}
    width={44}
  >
    <RNSVGGroup
      fill={null}
      propList={
        [
          "fill",
        ]
      }
    >
      <RNSVGPath
        d="m10.8 12l3.9 3.9q.275.275.275.7t-.275.7q-.275.275-.7.275t-.7-.275l-4.6-4.6q-.15-.15-.212-.325T8.425 12q0-.2.063-.375T8.7 11.3l4.6-4.6q.275-.275.7-.275t.7.275q.275.275.275.7t-.275.7z"
        fill={
          {
            "payload": 4279835675,
            "type": 0,
          }
        }
        propList={
          [
            "fill",
          ]
        }
      />
    </RNSVGGroup>
  </RNSVGSvgView>
</View>
`;
