// Jest Snapshot v1, https://goo.gl/fbAQLP

exports[`AppSpacer renders correctly with default height 1`] = `
<View
  style={
    {
      "height": 16,
    }
  }
  testID="app-spacer"
/>
`;
